Testing sample_programs/hello...
Running sample_programs/hello...
Running with pgen
-rw-rw-r-- 1 samiam samiam 0 Jul 12 23:02 sample_programs/test_results/pgen/hello.dif
PASS
Testing sample_programs/roman...
Running sample_programs/roman...
Running with pgen
-rw-rw-r-- 1 samiam samiam 0 Jul 12 23:02 sample_programs/test_results/pgen/roman.dif
PASS
Testing sample_programs/match...
Running sample_programs/match...
Running with pgen
-rw-rw-r-- 1 samiam samiam 0 Jul 12 23:02 sample_programs/test_results/pgen/match.dif
PASS
Testing sample_programs/prime...
Running sample_programs/prime...
Running with pgen
-rw-rw-r-- 1 samiam samiam 0 Jul 12 23:02 sample_programs/test_results/pgen/prime.dif
PASS
Testing sample_programs/qsort...
Running sample_programs/qsort...
Running with pgen
-rw-rw-r-- 1 samiam samiam 0 Jul 12 23:02 sample_programs/test_results/pgen/qsort.dif
PASS
Testing sample_programs/fbench...
Running sample_programs/fbench...
Running with pgen
-rw-rw-r-- 1 samiam samiam 0 Jul 12 23:02 sample_programs/test_results/pgen/fbench.dif
PASS
Testing sample_programs/drystone...
Running sample_programs/drystone...
Running with pgen
-rw-rw-r-- 1 samiam samiam 0 Jul 12 23:02 sample_programs/test_results/pgen/drystone.dif
PASS
Testing sample_programs/startrek...
Running sample_programs/startrek...
Running with pgen
-rw-rw-r-- 1 samiam samiam 0 Jul 12 23:02 sample_programs/test_results/pgen/startrek.dif
PASS
Testing sample_programs/basics...
Running sample_programs/basics...
Running with pgen
-rw-rw-r-- 1 samiam samiam 0 Jul 12 23:02 sample_programs/test_results/pgen/basics.dif
PASS
Testing standard_tests/iso7185pat...
Running standard_tests/iso7185pat...
Running with pgen
-rw-rw-r-- 1 samiam samiam 0 Jul 12 23:02 standard_tests/test_results/pgen/iso7185pat.dif
PASS
Testing Pascal-s...
Compiling pascals to intermediate code
Errors in program: 0
Errors in program: 0
P6 Pascal AMD64/gcc 64 bit code generator vs. 0.5.x

Generating program

Program generation complete
Comparing PAT result to reference
-rw-rw-r-- 1 samiam samiam 0 Jul 12 23:02 sample_programs/test_results/pgen/pascals.dif
PASS
Testing Pascal-P2...
Compiling pcomp to intermediate code
Errors in program: 0
Errors in program: 0

     1        8 (*$L-
Compiling pasint to intermediate
Errors in program: 0
Errors in program: 0
P6 Pascal AMD64/gcc 64 bit code generator vs. 0.5.x

Generating program

Program generation complete
Comparing PAT result to reference
-rw-rw-r-- 1 samiam samiam 0 Jul 12 23:02 p2/test_results/pgen/roman.dif
PASS
Testing Pascal-P4...
Compiling pcom to intermediate code
Errors in program: 0
Errors in program: 0

     1        9 (*$c+,t-,d-,l-
Compiling pint to intermediate code
Errors in program: 0
Executing with pgen...
P6 Pascal AMD64/gcc 64 bit code generator vs. 0.5.x

Generating program

Program generation complete
Comparing PAT result to reference
-rw-rw-r-- 1 samiam samiam 0 Jul 12 23:02 p4/test_results/pgen/standardp.dif
PASS
Testing PRT...
Running tests
Running standard_tests/iso7185prt1702A...
Running with pgen
-rw-rw-r-- 1 samiam samiam 0 Jul 12 23:02 standard_tests/test_results/pgen/iso7185prt1702A.dif
PASS
Running standard_tests/iso7185prt1702b...
Running with pgen
-rw-rw-r-- 1 samiam samiam 66 Jul 12 23:02 standard_tests/test_results/pgen/iso7185prt1702b.dif
Running standard_tests/iso7185prt1702c...
Running with pgen
-rw-rw-r-- 1 samiam samiam 59 Jul 12 23:02 standard_tests/test_results/pgen/iso7185prt1702c.dif
Running standard_tests/iso7185prt1702d...
Running with pgen
-rw-rw-r-- 1 samiam samiam 79 Jul 12 23:02 standard_tests/test_results/pgen/iso7185prt1702d.dif
Running standard_tests/iso7185prt1703...
Running with pgen
-rw-rw-r-- 1 samiam samiam 0 Jul 12 23:02 standard_tests/test_results/pgen/iso7185prt1703.dif
PASS
Running standard_tests/iso7185prt1704...
Running with pgen
-rw-rw-r-- 1 samiam samiam 103 Jul 12 23:02 standard_tests/test_results/pgen/iso7185prt1704.dif
Running standard_tests/iso7185prt1705...
Running with pgen
-rw-rw-r-- 1 samiam samiam 65 Jul 12 23:02 standard_tests/test_results/pgen/iso7185prt1705.dif
Running standard_tests/iso7185prt1706a...
Running with pgen
-rw-rw-r-- 1 samiam samiam 69 Jul 12 23:02 standard_tests/test_results/pgen/iso7185prt1706a.dif
Running standard_tests/iso7185prt1706b...
Running with pgen
-rw-rw-r-- 1 samiam samiam 69 Jul 12 23:02 standard_tests/test_results/pgen/iso7185prt1706b.dif
Running standard_tests/iso7185prt1708...
Running with pgen
-rw-rw-r-- 1 samiam samiam 0 Jul 12 23:02 standard_tests/test_results/pgen/iso7185prt1708.dif
PASS
Running standard_tests/iso7185prt1709...
Running with pgen
-rw-rw-r-- 1 samiam samiam 0 Jul 12 23:02 standard_tests/test_results/pgen/iso7185prt1709.dif
PASS
Running standard_tests/iso7185prt1710...
Running with pgen
-rw-rw-r-- 1 samiam samiam 0 Jul 12 23:02 standard_tests/test_results/pgen/iso7185prt1710.dif
PASS
Running standard_tests/iso7185prt1712...
Running with pgen
-rw-rw-r-- 1 samiam samiam 0 Jul 12 23:02 standard_tests/test_results/pgen/iso7185prt1712.dif
PASS
Running standard_tests/iso7185prt1713...
Running with pgen
-rw-rw-r-- 1 samiam samiam 0 Jul 12 23:02 standard_tests/test_results/pgen/iso7185prt1713.dif
PASS
Running standard_tests/iso7185prt1714...
Running with pgen
-rw-rw-r-- 1 samiam samiam 0 Jul 12 23:02 standard_tests/test_results/pgen/iso7185prt1714.dif
PASS
Running standard_tests/iso7185prt1715...
Running with pgen
-rw-rw-r-- 1 samiam samiam 0 Jul 12 23:02 standard_tests/test_results/pgen/iso7185prt1715.dif
PASS
Running standard_tests/iso7185prt1716...
Running with pgen
-rw-rw-r-- 1 samiam samiam 0 Jul 12 23:02 standard_tests/test_results/pgen/iso7185prt1716.dif
PASS
Running standard_tests/iso7185prt1719...
Running with pgen
-rw-rw-r-- 1 samiam samiam 0 Jul 12 23:02 standard_tests/test_results/pgen/iso7185prt1719.dif
PASS
Running standard_tests/iso7185prt1720...
Running with pgen
-rw-rw-r-- 1 samiam samiam 0 Jul 12 23:02 standard_tests/test_results/pgen/iso7185prt1720.dif
PASS
Running standard_tests/iso7185prt1721...
Running with pgen
-rw-rw-r-- 1 samiam samiam 0 Jul 12 23:02 standard_tests/test_results/pgen/iso7185prt1721.dif
PASS
Running standard_tests/iso7185prt1722...
Running with pgen
-rw-rw-r-- 1 samiam samiam 0 Jul 12 23:02 standard_tests/test_results/pgen/iso7185prt1722.dif
PASS
Running standard_tests/iso7185prt1723...
Running with pgen
-rw-rw-r-- 1 samiam samiam 0 Jul 12 23:02 standard_tests/test_results/pgen/iso7185prt1723.dif
PASS
Running standard_tests/iso7185prt1724...
Running with pgen
-rw-rw-r-- 1 samiam samiam 99 Jul 12 23:02 standard_tests/test_results/pgen/iso7185prt1724.dif
Running standard_tests/iso7185prt1727...
Running with pgen
-rw-rw-r-- 1 samiam samiam 59 Jul 12 23:02 standard_tests/test_results/pgen/iso7185prt1727.dif
Running standard_tests/iso7185prt1728...
Running with pgen
-rw-rw-r-- 1 samiam samiam 0 Jul 12 23:02 standard_tests/test_results/pgen/iso7185prt1728.dif
PASS
Running standard_tests/iso7185prt1730...
Running with pgen
-rw-rw-r-- 1 samiam samiam 59 Jul 12 23:02 standard_tests/test_results/pgen/iso7185prt1730.dif
Running standard_tests/iso7185prt1731...
Running with pgen
-rw-rw-r-- 1 samiam samiam 0 Jul 12 23:02 standard_tests/test_results/pgen/iso7185prt1731.dif
PASS
Running standard_tests/iso7185prt1732...
Running with pgen
-rw-rw-r-- 1 samiam samiam 0 Jul 12 23:02 standard_tests/test_results/pgen/iso7185prt1732.dif
PASS
Running standard_tests/iso7185prt1733...
Running with pgen
-rw-rw-r-- 1 samiam samiam 0 Jul 12 23:02 standard_tests/test_results/pgen/iso7185prt1733.dif
PASS
Running standard_tests/iso7185prt1734...
Running with pgen
-rw-rw-r-- 1 samiam samiam 0 Jul 12 23:02 standard_tests/test_results/pgen/iso7185prt1734.dif
PASS
Running standard_tests/iso7185prt1735...
Running with pgen
-rw-rw-r-- 1 samiam samiam 0 Jul 12 23:02 standard_tests/test_results/pgen/iso7185prt1735.dif
PASS
Running standard_tests/iso7185prt1736...
Running with pgen
-rw-rw-r-- 1 samiam samiam 0 Jul 12 23:02 standard_tests/test_results/pgen/iso7185prt1736.dif
PASS
Running standard_tests/iso7185prt1737...
Running with pgen
-rw-rw-r-- 1 samiam samiam 0 Jul 12 23:02 standard_tests/test_results/pgen/iso7185prt1737.dif
PASS
Running standard_tests/iso7185prt1738...
Running with pgen
-rw-rw-r-- 1 samiam samiam 0 Jul 12 23:02 standard_tests/test_results/pgen/iso7185prt1738.dif
PASS
Running standard_tests/iso7185prt1739...
Running with pgen
-rw-rw-r-- 1 samiam samiam 0 Jul 12 23:02 standard_tests/test_results/pgen/iso7185prt1739.dif
PASS
Running standard_tests/iso7185prt1740...
Running with pgen
-rw-rw-r-- 1 samiam samiam 53 Jul 12 23:02 standard_tests/test_results/pgen/iso7185prt1740.dif
Running standard_tests/iso7185prt1741...
Running with pgen
-rw-rw-r-- 1 samiam samiam 84 Jul 12 23:02 standard_tests/test_results/pgen/iso7185prt1741.dif
Running standard_tests/iso7185prt1743...
Running with pgen
-rw-rw-r-- 1 samiam samiam 69 Jul 12 23:02 standard_tests/test_results/pgen/iso7185prt1743.dif
Running standard_tests/iso7185prt1744...
Running with pgen
-rw-rw-r-- 1 samiam samiam 0 Jul 12 23:02 standard_tests/test_results/pgen/iso7185prt1744.dif
PASS
Running standard_tests/iso7185prt1745...
Running with pgen
-rw-rw-r-- 1 samiam samiam 0 Jul 12 23:02 standard_tests/test_results/pgen/iso7185prt1745.dif
PASS
Running standard_tests/iso7185prt1746A...
Running with pgen
-rw-rw-r-- 1 samiam samiam 0 Jul 12 23:02 standard_tests/test_results/pgen/iso7185prt1746A.dif
PASS
Running standard_tests/iso7185prt1746b...
Running with pgen
-rw-rw-r-- 1 samiam samiam 0 Jul 12 23:02 standard_tests/test_results/pgen/iso7185prt1746b.dif
PASS
Running standard_tests/iso7185prt1750...
Running with pgen
-rw-rw-r-- 1 samiam samiam 0 Jul 12 23:02 standard_tests/test_results/pgen/iso7185prt1750.dif
PASS
Running standard_tests/iso7185prt1751...
Running with pgen
-rw-rw-r-- 1 samiam samiam 0 Jul 12 23:02 standard_tests/test_results/pgen/iso7185prt1751.dif
PASS
Running standard_tests/iso7185prt1754...
Running with pgen
-rw-rw-r-- 1 samiam samiam 0 Jul 12 23:02 standard_tests/test_results/pgen/iso7185prt1754.dif
PASS
Running standard_tests/iso7185prt1755...
Running with pgen
-rw-rw-r-- 1 samiam samiam 0 Jul 12 23:02 standard_tests/test_results/pgen/iso7185prt1755.dif
PASS
Running standard_tests/iso7185prt1756...
Running with pgen
-rw-rw-r-- 1 samiam samiam 0 Jul 12 23:02 standard_tests/test_results/pgen/iso7185prt1756.dif
PASS
Running standard_tests/iso7185prt1757...
Running with pgen
-rw-rw-r-- 1 samiam samiam 0 Jul 12 23:02 standard_tests/test_results/pgen/iso7185prt1757.dif
PASS
Running standard_tests/iso7185prt1758a...
Running with pgen
-rw-rw-r-- 1 samiam samiam 0 Jul 12 23:02 standard_tests/test_results/pgen/iso7185prt1758a.dif
PASS
Running standard_tests/iso7185prt1758b...
Running with pgen
-rw-rw-r-- 1 samiam samiam 0 Jul 12 23:02 standard_tests/test_results/pgen/iso7185prt1758b.dif
PASS
Running standard_tests/iso7185prt1800...
Running with pgen
-rw-rw-r-- 1 samiam samiam 60 Jul 12 23:02 standard_tests/test_results/pgen/iso7185prt1800.dif
Running standard_tests/iso7185prt1811...
Running with pgen
-rw-rw-r-- 1 samiam samiam 107 Jul 12 23:02 standard_tests/test_results/pgen/iso7185prt1811.dif
Running standard_tests/iso7185prt1828...
Running with pgen
-rw-rw-r-- 1 samiam samiam 0 Jul 12 23:02 standard_tests/test_results/pgen/iso7185prt1828.dif
PASS
Running standard_tests/iso7185prt1834...
Running with pgen
-rw-rw-r-- 1 samiam samiam 0 Jul 12 23:02 standard_tests/test_results/pgen/iso7185prt1834.dif
PASS
Running standard_tests/iso7185prt1839...
Running with pgen
-rw-rw-r-- 1 samiam samiam 61 Jul 12 23:02 standard_tests/test_results/pgen/iso7185prt1839.dif
Running standard_tests/iso7185prt1840...
Running with pgen
-rw-rw-r-- 1 samiam samiam 0 Jul 12 23:02 standard_tests/test_results/pgen/iso7185prt1840.dif
PASS
Running standard_tests/iso7185prt1850...
Running with pgen
-rw-rw-r-- 1 samiam samiam 0 Jul 12 23:02 standard_tests/test_results/pgen/iso7185prt1850.dif
PASS
Running standard_tests/iso7185prt1851...
Running with pgen
-rw-rw-r-- 1 samiam samiam 51 Jul 12 23:02 standard_tests/test_results/pgen/iso7185prt1851.dif
Running standard_tests/iso7185prt1852...
Running with pgen
-rw-rw-r-- 1 samiam samiam 0 Jul 12 23:02 standard_tests/test_results/pgen/iso7185prt1852.dif
PASS
Running standard_tests/iso7185prt1909...
Running with pgen
-rw-rw-r-- 1 samiam samiam 0 Jul 12 23:02 standard_tests/test_results/pgen/iso7185prt1909.dif
PASS
Running standard_tests/iso7185prt1918...
Running with pgen
-rw-rw-r-- 1 samiam samiam 98 Jul 12 23:02 standard_tests/test_results/pgen/iso7185prt1918.dif
Creating combined listing
Creating error accounting listings
creating compile time difference list
creating runtime difference list
Adding program compile and runs
*** Error: Missing standard_tests/iso7185prt_pgen.cmp file
diff: standard_tests/test_results/pgen/tmp2: No such file or directory
0 standard_tests/test_results/pgen/iso7185prt.dif
Testing Pascaline...
P6 Pascal compiler vs. 0.5.x
Pascal-P6 complies with the requirements of Pascaline version 0.4
and the following annexes: A,B,C,E.


Errors in program: 0
P6 Pascal AMD64/gcc 64 bit code generator vs. 0.5.x

Generating program

Program generation complete
P6 Pascal compiler vs. 0.5.x
Pascal-P6 complies with the requirements of Pascaline version 0.4
and the following annexes: A,B,C,E.


Errors in program: 0
P6 Pascal AMD64/gcc 64 bit code generator vs. 0.5.x

Generating program

Program generation complete
P6 Pascal compiler vs. 0.5.x
Pascal-P6 complies with the requirements of Pascaline version 0.4
and the following annexes: A,B,C,E.


Errors in program: 0
P6 Pascal AMD64/gcc 64 bit code generator vs. 0.5.x

Generating program

Program generation complete
Running with pgen
0 pascaline.dif
Testing strings_test...
0 libs/tests/test_results/pgen/strings_test.dif
Testing network_test...
0 libs/tests/test_results/pgen/network_test.dif
Testing services_test...
0 libs/tests/test_results/pgen/services_test.dif
